[INFO] Scanning for projects...
[INFO] 
[INFO] ------------------------< com.club:clubbackend >------------------------
[INFO] Building clubbackend 0.0.1-SNAPSHOT
[INFO]   from pom.xml
[INFO] --------------------------------[ jar ]---------------------------------
[INFO] 
[INFO] --- clean:3.3.2:clean (default-clean) @ clubbackend ---
[INFO] Deleting C:\xampp\htdocs\club-foot-app-main6\club-foot-app-main2\club-foot-app-main1\club-foot-app-main\backend\target
[INFO] 
[INFO] --- resources:3.3.1:resources (default-resources) @ clubbackend ---
[INFO] Copying 1 resource from src\main\resources to target\classes
[INFO] Copying 1 resource from src\main\resources to target\classes
[INFO] 
[INFO] --- compiler:3.11.0:compile (default-compile) @ clubbackend ---
[INFO] Changes detected - recompiling the module! :source
[INFO] Compiling 58 source files with javac [debug release 17] to target\classes
[INFO] /C:/xampp/htdocs/club-foot-app-main6/club-foot-app-main2/club-foot-app-main1/club-foot-app-main/backend/src/main/java/com/club/security/MultiPasswordEncoder.java: C:\xampp\htdocs\club-foot-app-main6\club-foot-app-main2\club-foot-app-main1\club-foot-app-main\backend\src\main\java\com\club\security\MultiPasswordEncoder.java uses or overrides a deprecated API.
[INFO] /C:/xampp/htdocs/club-foot-app-main6/club-foot-app-main2/club-foot-app-main1/club-foot-app-main/backend/src/main/java/com/club/security/MultiPasswordEncoder.java: Recompile with -Xlint:deprecation for details.
[INFO] -------------------------------------------------------------
[ERROR] COMPILATION ERROR : 
[INFO] -------------------------------------------------------------
[ERROR] /C:/xampp/htdocs/club-foot-app-main6/club-foot-app-main2/club-foot-app-main1/club-foot-app-main/backend/src/main/java/com/club/service/DocumentService.java:[60,21] cannot find symbol
  symbol:   method setNom(java.lang.String)
  location: variable document of type com.club.model.Document
[ERROR] /C:/xampp/htdocs/club-foot-app-main6/club-foot-app-main2/club-foot-app-main1/club-foot-app-main/backend/src/main/java/com/club/service/DocumentService.java:[61,21] cannot find symbol
  symbol:   method setType(com.club.model.TypeDocument)
  location: variable document of type com.club.model.Document
[ERROR] /C:/xampp/htdocs/club-foot-app-main6/club-foot-app-main2/club-foot-app-main1/club-foot-app-main/backend/src/main/java/com/club/service/DocumentService.java:[62,21] cannot find symbol
  symbol:   method setUrl(java.lang.String)
  location: variable document of type com.club.model.Document
[ERROR] /C:/xampp/htdocs/club-foot-app-main6/club-foot-app-main2/club-foot-app-main1/club-foot-app-main/backend/src/main/java/com/club/service/DocumentService.java:[63,21] cannot find symbol
  symbol:   method setDateExpiration(java.time.LocalDate)
  location: variable document of type com.club.model.Document
[ERROR] /C:/xampp/htdocs/club-foot-app-main6/club-foot-app-main2/club-foot-app-main1/club-foot-app-main/backend/src/main/java/com/club/service/DocumentService.java:[64,21] cannot find symbol
  symbol:   method setValide(boolean)
  location: variable document of type com.club.model.Document
[ERROR] /C:/xampp/htdocs/club-foot-app-main6/club-foot-app-main2/club-foot-app-main1/club-foot-app-main/backend/src/main/java/com/club/service/DocumentService.java:[65,21] cannot find symbol
  symbol:   method setUser(com.club.model.User)
  location: variable document of type com.club.model.Document
[ERROR] /C:/xampp/htdocs/club-foot-app-main6/club-foot-app-main2/club-foot-app-main1/club-foot-app-main/backend/src/main/java/com/club/service/DocumentService.java:[66,21] cannot find symbol
  symbol:   method setUploadDate(java.time.LocalDateTime)
  location: variable document of type com.club.model.Document
[ERROR] /C:/xampp/htdocs/club-foot-app-main6/club-foot-app-main2/club-foot-app-main1/club-foot-app-main/backend/src/main/java/com/club/service/DocumentService.java:[67,21] cannot find symbol
  symbol:   method setUploadedBy(java.lang.String)
  location: variable document of type com.club.model.Document
[ERROR] /C:/xampp/htdocs/club-foot-app-main6/club-foot-app-main2/club-foot-app-main1/club-foot-app-main/backend/src/main/java/com/club/service/DocumentService.java:[92,35] cannot find symbol
  symbol:   method getDateExpiration()
  location: variable d of type com.club.model.Document
[ERROR] /C:/xampp/htdocs/club-foot-app-main6/club-foot-app-main2/club-foot-app-main1/club-foot-app-main/backend/src/main/java/com/club/service/DocumentService.java:[92,68] cannot find symbol
  symbol:   method getDateExpiration()
  location: variable d of type com.club.model.Document
[ERROR] /C:/xampp/htdocs/club-foot-app-main6/club-foot-app-main2/club-foot-app-main1/club-foot-app-main/backend/src/main/java/com/club/service/DocumentService.java:[109,17] cannot find symbol
  symbol:   method setValide(boolean)
  location: variable document of type com.club.model.Document
[ERROR] /C:/xampp/htdocs/club-foot-app-main6/club-foot-app-main2/club-foot-app-main1/club-foot-app-main/backend/src/main/java/com/club/service/DocumentService.java:[117,70] cannot find symbol
  symbol:   method getUrl()
  location: variable document of type com.club.model.Document
[ERROR] /C:/xampp/htdocs/club-foot-app-main6/club-foot-app-main2/club-foot-app-main1/club-foot-app-main/backend/src/main/java/com/club/service/DocumentService.java:[129,70] cannot find symbol
  symbol:   method getUrl()
  location: variable document of type com.club.model.Document
[ERROR] /C:/xampp/htdocs/club-foot-app-main6/club-foot-app-main2/club-foot-app-main1/club-foot-app-main/backend/src/main/java/com/club/service/DocumentService.java:[134,76] cannot find symbol
  symbol:   method getUrl()
  location: variable document of type com.club.model.Document
[ERROR] /C:/xampp/htdocs/club-foot-app-main6/club-foot-app-main2/club-foot-app-main1/club-foot-app-main/backend/src/main/java/com/club/service/DocumentService.java:[137,72] cannot find symbol
  symbol:   method getUrl()
  location: variable document of type com.club.model.Document
[ERROR] /C:/xampp/htdocs/club-foot-app-main6/club-foot-app-main2/club-foot-app-main1/club-foot-app-main/backend/src/main/java/com/club/dto/DocumentDTO.java:[75,21] cannot find symbol
  symbol:   method getDateExpiration()
  location: variable document of type com.club.model.Document
[ERROR] /C:/xampp/htdocs/club-foot-app-main6/club-foot-app-main2/club-foot-app-main1/club-foot-app-main/backend/src/main/java/com/club/dto/DocumentDTO.java:[76,70] cannot find symbol
  symbol:   method getDateExpiration()
  location: variable document of type com.club.model.Document
[ERROR] /C:/xampp/htdocs/club-foot-app-main6/club-foot-app-main2/club-foot-app-main1/club-foot-app-main/backend/src/main/java/com/club/dto/DocumentDTO.java:[80,27] cannot find symbol
  symbol:   method getId()
  location: variable document of type com.club.model.Document
[ERROR] /C:/xampp/htdocs/club-foot-app-main6/club-foot-app-main2/club-foot-app-main1/club-foot-app-main/backend/src/main/java/com/club/dto/DocumentDTO.java:[81,28] cannot find symbol
  symbol:   method getNom()
  location: variable document of type com.club.model.Document
[ERROR] /C:/xampp/htdocs/club-foot-app-main6/club-foot-app-main2/club-foot-app-main1/club-foot-app-main/backend/src/main/java/com/club/dto/DocumentDTO.java:[82,29] cannot find symbol
  symbol:   method getType()
  location: variable document of type com.club.model.Document
[ERROR] /C:/xampp/htdocs/club-foot-app-main6/club-foot-app-main2/club-foot-app-main1/club-foot-app-main/backend/src/main/java/com/club/dto/DocumentDTO.java:[83,28] cannot find symbol
  symbol:   method getUrl()
  location: variable document of type com.club.model.Document
[ERROR] /C:/xampp/htdocs/club-foot-app-main6/club-foot-app-main2/club-foot-app-main1/club-foot-app-main/backend/src/main/java/com/club/dto/DocumentDTO.java:[84,39] cannot find symbol
  symbol:   method getDateExpiration()
  location: variable document of type com.club.model.Document
[ERROR] /C:/xampp/htdocs/club-foot-app-main6/club-foot-app-main2/club-foot-app-main1/club-foot-app-main/backend/src/main/java/com/club/dto/DocumentDTO.java:[85,31] cannot find symbol
  symbol:   method isValide()
  location: variable document of type com.club.model.Document
[ERROR] /C:/xampp/htdocs/club-foot-app-main6/club-foot-app-main2/club-foot-app-main1/club-foot-app-main/backend/src/main/java/com/club/dto/DocumentDTO.java:[86,31] cannot find symbol
  symbol:   method getUser()
  location: variable document of type com.club.model.Document
[ERROR] /C:/xampp/htdocs/club-foot-app-main6/club-foot-app-main2/club-foot-app-main1/club-foot-app-main/backend/src/main/java/com/club/dto/DocumentDTO.java:[87,32] cannot find symbol
  symbol:   method getUser()
  location: variable document of type com.club.model.Document
[ERROR] /C:/xampp/htdocs/club-foot-app-main6/club-foot-app-main2/club-foot-app-main1/club-foot-app-main/backend/src/main/java/com/club/dto/DocumentDTO.java:[88,35] cannot find symbol
  symbol:   method getUser()
  location: variable document of type com.club.model.Document
[ERROR] /C:/xampp/htdocs/club-foot-app-main6/club-foot-app-main2/club-foot-app-main1/club-foot-app-main/backend/src/main/java/com/club/dto/DocumentDTO.java:[89,35] cannot find symbol
  symbol:   method getUploadDate()
  location: variable document of type com.club.model.Document
[ERROR] /C:/xampp/htdocs/club-foot-app-main6/club-foot-app-main2/club-foot-app-main1/club-foot-app-main/backend/src/main/java/com/club/dto/DocumentDTO.java:[90,35] cannot find symbol
  symbol:   method getUploadedBy()
  location: variable document of type com.club.model.Document
[INFO] 28 errors 
[INFO] -------------------------------------------------------------
[INFO] ------------------------------------------------------------------------
[INFO] BUILD FAILURE
[INFO] ------------------------------------------------------------------------
[INFO] Total time:  3.742 s
[INFO] Finished at: 2026-01-20T22:38:41+01:00
[INFO] ------------------------------------------------------------------------
[ERROR] Failed to execute goal org.apache.maven.plugins:maven-compiler-plugin:3.11.0:compile (default-compile) on project clubbackend: Compilation failure: Compilation failure: 
[ERROR] /C:/xampp/htdocs/club-foot-app-main6/club-foot-app-main2/club-foot-app-main1/club-foot-app-main/backend/src/main/java/com/club/service/DocumentService.java:[60,21] cannot find symbol
[ERROR]   symbol:   method setNom(java.lang.String)
[ERROR]   location: variable document of type com.club.model.Document
[ERROR] /C:/xampp/htdocs/club-foot-app-main6/club-foot-app-main2/club-foot-app-main1/club-foot-app-main/backend/src/main/java/com/club/service/DocumentService.java:[61,21] cannot find symbol
[ERROR]   symbol:   method setType(com.club.model.TypeDocument)
[ERROR]   location: variable document of type com.club.model.Document
[ERROR] /C:/xampp/htdocs/club-foot-app-main6/club-foot-app-main2/club-foot-app-main1/club-foot-app-main/backend/src/main/java/com/club/service/DocumentService.java:[62,21] cannot find symbol
[ERROR]   symbol:   method setUrl(java.lang.String)
[ERROR]   location: variable document of type com.club.model.Document
[ERROR] /C:/xampp/htdocs/club-foot-app-main6/club-foot-app-main2/club-foot-app-main1/club-foot-app-main/backend/src/main/java/com/club/service/DocumentService.java:[63,21] cannot find symbol
[ERROR]   symbol:   method setDateExpiration(java.time.LocalDate)
[ERROR]   location: variable document of type com.club.model.Document
[ERROR] /C:/xampp/htdocs/club-foot-app-main6/club-foot-app-main2/club-foot-app-main1/club-foot-app-main/backend/src/main/java/com/club/service/DocumentService.java:[64,21] cannot find symbol
[ERROR]   symbol:   method setValide(boolean)
[ERROR]   location: variable document of type com.club.model.Document
[ERROR] /C:/xampp/htdocs/club-foot-app-main6/club-foot-app-main2/club-foot-app-main1/club-foot-app-main/backend/src/main/java/com/club/service/DocumentService.java:[65,21] cannot find symbol
[ERROR]   symbol:   method setUser(com.club.model.User)
[ERROR]   location: variable document of type com.club.model.Document
[ERROR] /C:/xampp/htdocs/club-foot-app-main6/club-foot-app-main2/club-foot-app-main1/club-foot-app-main/backend/src/main/java/com/club/service/DocumentService.java:[66,21] cannot find symbol
[ERROR]   symbol:   method setUploadDate(java.time.LocalDateTime)
[ERROR]   location: variable document of type com.club.model.Document
[ERROR] /C:/xampp/htdocs/club-foot-app-main6/club-foot-app-main2/club-foot-app-main1/club-foot-app-main/backend/src/main/java/com/club/service/DocumentService.java:[67,21] cannot find symbol
[ERROR]   symbol:   method setUploadedBy(java.lang.String)
[ERROR]   location: variable document of type com.club.model.Document
[ERROR] /C:/xampp/htdocs/club-foot-app-main6/club-foot-app-main2/club-foot-app-main1/club-foot-app-main/backend/src/main/java/com/club/service/DocumentService.java:[92,35] cannot find symbol
[ERROR]   symbol:   method getDateExpiration()
[ERROR]   location: variable d of type com.club.model.Document
[ERROR] /C:/xampp/htdocs/club-foot-app-main6/club-foot-app-main2/club-foot-app-main1/club-foot-app-main/backend/src/main/java/com/club/service/DocumentService.java:[92,68] cannot find symbol
[ERROR]   symbol:   method getDateExpiration()
[ERROR]   location: variable d of type com.club.model.Document
[ERROR] /C:/xampp/htdocs/club-foot-app-main6/club-foot-app-main2/club-foot-app-main1/club-foot-app-main/backend/src/main/java/com/club/service/DocumentService.java:[109,17] cannot find symbol
[ERROR]   symbol:   method setValide(boolean)
[ERROR]   location: variable document of type com.club.model.Document
[ERROR] /C:/xampp/htdocs/club-foot-app-main6/club-foot-app-main2/club-foot-app-main1/club-foot-app-main/backend/src/main/java/com/club/service/DocumentService.java:[117,70] cannot find symbol
[ERROR]   symbol:   method getUrl()
[ERROR]   location: variable document of type com.club.model.Document
[ERROR] /C:/xampp/htdocs/club-foot-app-main6/club-foot-app-main2/club-foot-app-main1/club-foot-app-main/backend/src/main/java/com/club/service/DocumentService.java:[129,70] cannot find symbol
[ERROR]   symbol:   method getUrl()
[ERROR]   location: variable document of type com.club.model.Document
[ERROR] /C:/xampp/htdocs/club-foot-app-main6/club-foot-app-main2/club-foot-app-main1/club-foot-app-main/backend/src/main/java/com/club/service/DocumentService.java:[134,76] cannot find symbol
[ERROR]   symbol:   method getUrl()
[ERROR]   location: variable document of type com.club.model.Document
[ERROR] /C:/xampp/htdocs/club-foot-app-main6/club-foot-app-main2/club-foot-app-main1/club-foot-app-main/backend/src/main/java/com/club/service/DocumentService.java:[137,72] cannot find symbol
[ERROR]   symbol:   method getUrl()
[ERROR]   location: variable document of type com.club.model.Document
[ERROR] /C:/xampp/htdocs/club-foot-app-main6/club-foot-app-main2/club-foot-app-main1/club-foot-app-main/backend/src/main/java/com/club/dto/DocumentDTO.java:[75,21] cannot find symbol
[ERROR]   symbol:   method getDateExpiration()
[ERROR]   location: variable document of type com.club.model.Document
[ERROR] /C:/xampp/htdocs/club-foot-app-main6/club-foot-app-main2/club-foot-app-main1/club-foot-app-main/backend/src/main/java/com/club/dto/DocumentDTO.java:[76,70] cannot find symbol
[ERROR]   symbol:   method getDateExpiration()
[ERROR]   location: variable document of type com.club.model.Document
[ERROR] /C:/xampp/htdocs/club-foot-app-main6/club-foot-app-main2/club-foot-app-main1/club-foot-app-main/backend/src/main/java/com/club/dto/DocumentDTO.java:[80,27] cannot find symbol
[ERROR]   symbol:   method getId()
[ERROR]   location: variable document of type com.club.model.Document
[ERROR] /C:/xampp/htdocs/club-foot-app-main6/club-foot-app-main2/club-foot-app-main1/club-foot-app-main/backend/src/main/java/com/club/dto/DocumentDTO.java:[81,28] cannot find symbol
[ERROR]   symbol:   method getNom()
[ERROR]   location: variable document of type com.club.model.Document
[ERROR] /C:/xampp/htdocs/club-foot-app-main6/club-foot-app-main2/club-foot-app-main1/club-foot-app-main/backend/src/main/java/com/club/dto/DocumentDTO.java:[82,29] cannot find symbol
[ERROR]   symbol:   method getType()
[ERROR]   location: variable document of type com.club.model.Document
[ERROR] /C:/xampp/htdocs/club-foot-app-main6/club-foot-app-main2/club-foot-app-main1/club-foot-app-main/backend/src/main/java/com/club/dto/DocumentDTO.java:[83,28] cannot find symbol
[ERROR]   symbol:   method getUrl()
[ERROR]   location: variable document of type com.club.model.Document
[ERROR] /C:/xampp/htdocs/club-foot-app-main6/club-foot-app-main2/club-foot-app-main1/club-foot-app-main/backend/src/main/java/com/club/dto/DocumentDTO.java:[84,39] cannot find symbol
[ERROR]   symbol:   method getDateExpiration()
[ERROR]   location: variable document of type com.club.model.Document
[ERROR] /C:/xampp/htdocs/club-foot-app-main6/club-foot-app-main2/club-foot-app-main1/club-foot-app-main/backend/src/main/java/com/club/dto/DocumentDTO.java:[85,31] cannot find symbol
[ERROR]   symbol:   method isValide()
[ERROR]   location: variable document of type com.club.model.Document
[ERROR] /C:/xampp/htdocs/club-foot-app-main6/club-foot-app-main2/club-foot-app-main1/club-foot-app-main/backend/src/main/java/com/club/dto/DocumentDTO.java:[86,31] cannot find symbol
[ERROR]   symbol:   method getUser()
[ERROR]   location: variable document of type com.club.model.Document
[ERROR] /C:/xampp/htdocs/club-foot-app-main6/club-foot-app-main2/club-foot-app-main1/club-foot-app-main/backend/src/main/java/com/club/dto/DocumentDTO.java:[87,32] cannot find symbol
[ERROR]   symbol:   method getUser()
[ERROR]   location: variable document of type com.club.model.Document
[ERROR] /C:/xampp/htdocs/club-foot-app-main6/club-foot-app-main2/club-foot-app-main1/club-foot-app-main/backend/src/main/java/com/club/dto/DocumentDTO.java:[88,35] cannot find symbol
[ERROR]   symbol:   method getUser()
[ERROR]   location: variable document of type com.club.model.Document
[ERROR] /C:/xampp/htdocs/club-foot-app-main6/club-foot-app-main2/club-foot-app-main1/club-foot-app-main/backend/src/main/java/com/club/dto/DocumentDTO.java:[89,35] cannot find symbol
[ERROR]   symbol:   method getUploadDate()
[ERROR]   location: variable document of type com.club.model.Document
[ERROR] /C:/xampp/htdocs/club-foot-app-main6/club-foot-app-main2/club-foot-app-main1/club-foot-app-main/backend/src/main/java/com/club/dto/DocumentDTO.java:[90,35] cannot find symbol
[ERROR]   symbol:   method getUploadedBy()
[ERROR]   location: variable document of type com.club.model.Document
[ERROR] -> [Help 1]
[ERROR] 
[ERROR] To see the full stack trace of the errors, re-run Maven with the -e switch.
[ERROR] Re-run Maven using the -X switch to enable full debug logging.
[ERROR] 
[ERROR] For more information about the errors and possible solutions, please read the following articles:
[ERROR] [Help 1] http://cwiki.apache.org/confluence/display/MAVEN/MojoFailureException
