[INFO] Scanning for projects...
[INFO] 
[INFO] ------------------------< com.club:clubbackend >------------------------
[INFO] Building clubbackend 0.0.1-SNAPSHOT
[INFO]   from pom.xml
[INFO] --------------------------------[ jar ]---------------------------------
[INFO] 
[INFO] --- resources:3.3.1:resources (default-resources) @ clubbackend ---
[INFO] Copying 1 resource from src\main\resources to target\classes
[INFO] Copying 0 resource from src\main\resources to target\classes
[INFO] 
[INFO] --- compiler:3.11.0:compile (default-compile) @ clubbackend ---
[INFO] Changes detected - recompiling the module! :source
[INFO] Compiling 42 source files with javac [debug release 17] to target\classes
[INFO] /C:/xampp/htdocs/club-foot-app-main1/club-foot-app-main/backend/src/main/java/com/club/security/MultiPasswordEncoder.java: C:\xampp\htdocs\club-foot-app-main1\club-foot-app-main\backend\src\main\java\com\club\security\MultiPasswordEncoder.java uses or overrides a deprecated API.
[INFO] /C:/xampp/htdocs/club-foot-app-main1/club-foot-app-main/backend/src/main/java/com/club/security/MultiPasswordEncoder.java: Recompile with -Xlint:deprecation for details.
[INFO] -------------------------------------------------------------
[ERROR] COMPILATION ERROR : 
[INFO] -------------------------------------------------------------
[ERROR] /C:/xampp/htdocs/club-foot-app-main1/club-foot-app-main/backend/src/main/java/com/club/controller/DocumentController.java:[27,35] variable documentService not initialized in the default constructor
[ERROR] /C:/xampp/htdocs/club-foot-app-main1/club-foot-app-main/backend/src/main/java/com/club/service/DocumentService.java:[52,41] cannot find symbol
  symbol:   method builder()
  location: class com.club.model.Document
[ERROR] /C:/xampp/htdocs/club-foot-app-main1/club-foot-app-main/backend/src/main/java/com/club/service/DocumentService.java:[86,35] cannot find symbol
  symbol:   method getDateExpiration()
  location: variable d of type com.club.model.Document
[ERROR] /C:/xampp/htdocs/club-foot-app-main1/club-foot-app-main/backend/src/main/java/com/club/service/DocumentService.java:[86,68] cannot find symbol
  symbol:   method getDateExpiration()
  location: variable d of type com.club.model.Document
[ERROR] /C:/xampp/htdocs/club-foot-app-main1/club-foot-app-main/backend/src/main/java/com/club/service/DocumentService.java:[103,17] cannot find symbol
  symbol:   method setValide(boolean)
  location: variable document of type com.club.model.Document
[ERROR] /C:/xampp/htdocs/club-foot-app-main1/club-foot-app-main/backend/src/main/java/com/club/service/DocumentService.java:[111,70] cannot find symbol
  symbol:   method getUrl()
  location: variable document of type com.club.model.Document
[ERROR] /C:/xampp/htdocs/club-foot-app-main1/club-foot-app-main/backend/src/main/java/com/club/service/DocumentService.java:[123,70] cannot find symbol
  symbol:   method getUrl()
  location: variable document of type com.club.model.Document
[ERROR] /C:/xampp/htdocs/club-foot-app-main1/club-foot-app-main/backend/src/main/java/com/club/service/DocumentService.java:[128,76] cannot find symbol
  symbol:   method getUrl()
  location: variable document of type com.club.model.Document
[ERROR] /C:/xampp/htdocs/club-foot-app-main1/club-foot-app-main/backend/src/main/java/com/club/service/DocumentService.java:[131,72] cannot find symbol
  symbol:   method getUrl()
  location: variable document of type com.club.model.Document
[ERROR] /C:/xampp/htdocs/club-foot-app-main1/club-foot-app-main/backend/src/main/java/com/club/dto/DocumentDTO.java:[34,21] cannot find symbol
  symbol:   method getDateExpiration()
  location: variable document of type com.club.model.Document
[ERROR] /C:/xampp/htdocs/club-foot-app-main1/club-foot-app-main/backend/src/main/java/com/club/dto/DocumentDTO.java:[35,70] cannot find symbol
  symbol:   method getDateExpiration()
  location: variable document of type com.club.model.Document
[ERROR] /C:/xampp/htdocs/club-foot-app-main1/club-foot-app-main/backend/src/main/java/com/club/dto/DocumentDTO.java:[38,27] cannot find symbol
  symbol:   method builder()
  location: class com.club.dto.DocumentDTO
[ERROR] /C:/xampp/htdocs/club-foot-app-main1/club-foot-app-main/backend/src/main/java/com/club/dto/DocumentDTO.java:[39,29] cannot find symbol
  symbol:   method getId()
  location: variable document of type com.club.model.Document
[ERROR] /C:/xampp/htdocs/club-foot-app-main1/club-foot-app-main/backend/src/main/java/com/club/dto/DocumentDTO.java:[40,30] cannot find symbol
  symbol:   method getNom()
  location: variable document of type com.club.model.Document
[ERROR] /C:/xampp/htdocs/club-foot-app-main1/club-foot-app-main/backend/src/main/java/com/club/dto/DocumentDTO.java:[41,31] cannot find symbol
  symbol:   method getType()
  location: variable document of type com.club.model.Document
[ERROR] /C:/xampp/htdocs/club-foot-app-main1/club-foot-app-main/backend/src/main/java/com/club/dto/DocumentDTO.java:[42,30] cannot find symbol
  symbol:   method getUrl()
  location: variable document of type com.club.model.Document
[ERROR] /C:/xampp/htdocs/club-foot-app-main1/club-foot-app-main/backend/src/main/java/com/club/dto/DocumentDTO.java:[43,41] cannot find symbol
  symbol:   method getDateExpiration()
  location: variable document of type com.club.model.Document
[ERROR] /C:/xampp/htdocs/club-foot-app-main1/club-foot-app-main/backend/src/main/java/com/club/dto/DocumentDTO.java:[44,33] cannot find symbol
  symbol:   method isValide()
  location: variable document of type com.club.model.Document
[ERROR] /C:/xampp/htdocs/club-foot-app-main1/club-foot-app-main/backend/src/main/java/com/club/dto/DocumentDTO.java:[45,33] cannot find symbol
  symbol:   method getUser()
  location: variable document of type com.club.model.Document
[ERROR] /C:/xampp/htdocs/club-foot-app-main1/club-foot-app-main/backend/src/main/java/com/club/dto/DocumentDTO.java:[46,34] cannot find symbol
  symbol:   method getUser()
  location: variable document of type com.club.model.Document
[ERROR] /C:/xampp/htdocs/club-foot-app-main1/club-foot-app-main/backend/src/main/java/com/club/dto/DocumentDTO.java:[47,37] cannot find symbol
  symbol:   method getUser()
  location: variable document of type com.club.model.Document
[ERROR] /C:/xampp/htdocs/club-foot-app-main1/club-foot-app-main/backend/src/main/java/com/club/dto/DocumentDTO.java:[48,37] cannot find symbol
  symbol:   method getUploadDate()
  location: variable document of type com.club.model.Document
[ERROR] /C:/xampp/htdocs/club-foot-app-main1/club-foot-app-main/backend/src/main/java/com/club/dto/DocumentDTO.java:[49,37] cannot find symbol
  symbol:   method getUploadedBy()
  location: variable document of type com.club.model.Document
[ERROR] /C:/xampp/htdocs/club-foot-app-main1/club-foot-app-main/backend/src/main/java/com/club/service/DashboardService.java:[39,33] cannot find symbol
  symbol:   method builder()
  location: class com.club.dto.DashboardStatsDTO
[ERROR] /C:/xampp/htdocs/club-foot-app-main1/club-foot-app-main/backend/src/main/java/com/club/service/DashboardService.java:[54,27] constructor EvolutionDTO in class com.club.dto.EvolutionDTO cannot be applied to given types;
  required: no arguments
  found:    java.lang.String,int
  reason: actual and formal argument lists differ in length
[ERROR] /C:/xampp/htdocs/club-foot-app-main1/club-foot-app-main/backend/src/main/java/com/club/service/DashboardService.java:[64,25] constructor RevenuMensuelDTO in class com.club.dto.RevenuMensuelDTO cannot be applied to given types;
  required: no arguments
  found:    java.lang.String,double
  reason: actual and formal argument lists differ in length
[ERROR] /C:/xampp/htdocs/club-foot-app-main1/club-foot-app-main/backend/src/main/java/com/club/service/DashboardService.java:[72,22] constructor TauxPresenceDTO in class com.club.dto.TauxPresenceDTO cannot be applied to given types;
  required: no arguments
  found:    java.lang.String,double
  reason: actual and formal argument lists differ in length
[INFO] 27 errors 
[INFO] -------------------------------------------------------------
[INFO] ------------------------------------------------------------------------
[INFO] BUILD FAILURE
[INFO] ------------------------------------------------------------------------
[INFO] Total time:  2.633 s
[INFO] Finished at: 2026-01-16T13:47:19+01:00
[INFO] ------------------------------------------------------------------------
[ERROR] Failed to execute goal org.apache.maven.plugins:maven-compiler-plugin:3.11.0:compile (default-compile) on project clubbackend: Compilation failure: Compilation failure: 
[ERROR] /C:/xampp/htdocs/club-foot-app-main1/club-foot-app-main/backend/src/main/java/com/club/controller/DocumentController.java:[27,35] variable documentService not initialized in the default constructor
[ERROR] /C:/xampp/htdocs/club-foot-app-main1/club-foot-app-main/backend/src/main/java/com/club/service/DocumentService.java:[52,41] cannot find symbol
[ERROR]   symbol:   method builder()
[ERROR]   location: class com.club.model.Document
[ERROR] /C:/xampp/htdocs/club-foot-app-main1/club-foot-app-main/backend/src/main/java/com/club/service/DocumentService.java:[86,35] cannot find symbol
[ERROR]   symbol:   method getDateExpiration()
[ERROR]   location: variable d of type com.club.model.Document
[ERROR] /C:/xampp/htdocs/club-foot-app-main1/club-foot-app-main/backend/src/main/java/com/club/service/DocumentService.java:[86,68] cannot find symbol
[ERROR]   symbol:   method getDateExpiration()
[ERROR]   location: variable d of type com.club.model.Document
[ERROR] /C:/xampp/htdocs/club-foot-app-main1/club-foot-app-main/backend/src/main/java/com/club/service/DocumentService.java:[103,17] cannot find symbol
[ERROR]   symbol:   method setValide(boolean)
[ERROR]   location: variable document of type com.club.model.Document
[ERROR] /C:/xampp/htdocs/club-foot-app-main1/club-foot-app-main/backend/src/main/java/com/club/service/DocumentService.java:[111,70] cannot find symbol
[ERROR]   symbol:   method getUrl()
[ERROR]   location: variable document of type com.club.model.Document
[ERROR] /C:/xampp/htdocs/club-foot-app-main1/club-foot-app-main/backend/src/main/java/com/club/service/DocumentService.java:[123,70] cannot find symbol
[ERROR]   symbol:   method getUrl()
[ERROR]   location: variable document of type com.club.model.Document
[ERROR] /C:/xampp/htdocs/club-foot-app-main1/club-foot-app-main/backend/src/main/java/com/club/service/DocumentService.java:[128,76] cannot find symbol
[ERROR]   symbol:   method getUrl()
[ERROR]   location: variable document of type com.club.model.Document
[ERROR] /C:/xampp/htdocs/club-foot-app-main1/club-foot-app-main/backend/src/main/java/com/club/service/DocumentService.java:[131,72] cannot find symbol
[ERROR]   symbol:   method getUrl()
[ERROR]   location: variable document of type com.club.model.Document
[ERROR] /C:/xampp/htdocs/club-foot-app-main1/club-foot-app-main/backend/src/main/java/com/club/dto/DocumentDTO.java:[34,21] cannot find symbol
[ERROR]   symbol:   method getDateExpiration()
[ERROR]   location: variable document of type com.club.model.Document
[ERROR] /C:/xampp/htdocs/club-foot-app-main1/club-foot-app-main/backend/src/main/java/com/club/dto/DocumentDTO.java:[35,70] cannot find symbol
[ERROR]   symbol:   method getDateExpiration()
[ERROR]   location: variable document of type com.club.model.Document
[ERROR] /C:/xampp/htdocs/club-foot-app-main1/club-foot-app-main/backend/src/main/java/com/club/dto/DocumentDTO.java:[38,27] cannot find symbol
[ERROR]   symbol:   method builder()
[ERROR]   location: class com.club.dto.DocumentDTO
[ERROR] /C:/xampp/htdocs/club-foot-app-main1/club-foot-app-main/backend/src/main/java/com/club/dto/DocumentDTO.java:[39,29] cannot find symbol
[ERROR]   symbol:   method getId()
[ERROR]   location: variable document of type com.club.model.Document
[ERROR] /C:/xampp/htdocs/club-foot-app-main1/club-foot-app-main/backend/src/main/java/com/club/dto/DocumentDTO.java:[40,30] cannot find symbol
[ERROR]   symbol:   method getNom()
[ERROR]   location: variable document of type com.club.model.Document
[ERROR] /C:/xampp/htdocs/club-foot-app-main1/club-foot-app-main/backend/src/main/java/com/club/dto/DocumentDTO.java:[41,31] cannot find symbol
[ERROR]   symbol:   method getType()
[ERROR]   location: variable document of type com.club.model.Document
[ERROR] /C:/xampp/htdocs/club-foot-app-main1/club-foot-app-main/backend/src/main/java/com/club/dto/DocumentDTO.java:[42,30] cannot find symbol
[ERROR]   symbol:   method getUrl()
[ERROR]   location: variable document of type com.club.model.Document
[ERROR] /C:/xampp/htdocs/club-foot-app-main1/club-foot-app-main/backend/src/main/java/com/club/dto/DocumentDTO.java:[43,41] cannot find symbol
[ERROR]   symbol:   method getDateExpiration()
[ERROR]   location: variable document of type com.club.model.Document
[ERROR] /C:/xampp/htdocs/club-foot-app-main1/club-foot-app-main/backend/src/main/java/com/club/dto/DocumentDTO.java:[44,33] cannot find symbol
[ERROR]   symbol:   method isValide()
[ERROR]   location: variable document of type com.club.model.Document
[ERROR] /C:/xampp/htdocs/club-foot-app-main1/club-foot-app-main/backend/src/main/java/com/club/dto/DocumentDTO.java:[45,33] cannot find symbol
[ERROR]   symbol:   method getUser()
[ERROR]   location: variable document of type com.club.model.Document
[ERROR] /C:/xampp/htdocs/club-foot-app-main1/club-foot-app-main/backend/src/main/java/com/club/dto/DocumentDTO.java:[46,34] cannot find symbol
[ERROR]   symbol:   method getUser()
[ERROR]   location: variable document of type com.club.model.Document
[ERROR] /C:/xampp/htdocs/club-foot-app-main1/club-foot-app-main/backend/src/main/java/com/club/dto/DocumentDTO.java:[47,37] cannot find symbol
[ERROR]   symbol:   method getUser()
[ERROR]   location: variable document of type com.club.model.Document
[ERROR] /C:/xampp/htdocs/club-foot-app-main1/club-foot-app-main/backend/src/main/java/com/club/dto/DocumentDTO.java:[48,37] cannot find symbol
[ERROR]   symbol:   method getUploadDate()
[ERROR]   location: variable document of type com.club.model.Document
[ERROR] /C:/xampp/htdocs/club-foot-app-main1/club-foot-app-main/backend/src/main/java/com/club/dto/DocumentDTO.java:[49,37] cannot find symbol
[ERROR]   symbol:   method getUploadedBy()
[ERROR]   location: variable document of type com.club.model.Document
[ERROR] /C:/xampp/htdocs/club-foot-app-main1/club-foot-app-main/backend/src/main/java/com/club/service/DashboardService.java:[39,33] cannot find symbol
[ERROR]   symbol:   method builder()
[ERROR]   location: class com.club.dto.DashboardStatsDTO
[ERROR] /C:/xampp/htdocs/club-foot-app-main1/club-foot-app-main/backend/src/main/java/com/club/service/DashboardService.java:[54,27] constructor EvolutionDTO in class com.club.dto.EvolutionDTO cannot be applied to given types;
[ERROR]   required: no arguments
[ERROR]   found:    java.lang.String,int
[ERROR]   reason: actual and formal argument lists differ in length
[ERROR] /C:/xampp/htdocs/club-foot-app-main1/club-foot-app-main/backend/src/main/java/com/club/service/DashboardService.java:[64,25] constructor RevenuMensuelDTO in class com.club.dto.RevenuMensuelDTO cannot be applied to given types;
[ERROR]   required: no arguments
[ERROR]   found:    java.lang.String,double
[ERROR]   reason: actual and formal argument lists differ in length
[ERROR] /C:/xampp/htdocs/club-foot-app-main1/club-foot-app-main/backend/src/main/java/com/club/service/DashboardService.java:[72,22] constructor TauxPresenceDTO in class com.club.dto.TauxPresenceDTO cannot be applied to given types;
[ERROR]   required: no arguments
[ERROR]   found:    java.lang.String,double
[ERROR]   reason: actual and formal argument lists differ in length
[ERROR] -> [Help 1]
[ERROR] 
[ERROR] To see the full stack trace of the errors, re-run Maven with the -e switch.
[ERROR] Re-run Maven using the -X switch to enable full debug logging.
[ERROR] 
[ERROR] For more information about the errors and possible solutions, please read the following articles:
[ERROR] [Help 1] http://cwiki.apache.org/confluence/display/MAVEN/MojoFailureException
